Start building sites … 
hugo v0.147.9+extended+withdeploy darwin/arm64 BuildDate=2025-06-23T08:22:20Z VendorInfo=brew


                  │  FA  
──────────────────┼──────
 Pages            │ 1432 
 Paginator pages  │    0 
 Non-page files   │   12 
 Static files     │    4 
 Processed images │    0 
 Aliases          │  633 
 Cleaned          │    0 

Total in 669 ms
